<generatedTop>
  <k>
    .
  </k>
  <exit-code>
    1
  </exit-code>
  <mode>
    NORMAL
  </mode>
  <schedule>
    BYZANTIUM
  </schedule>
  <analysis>
    "blocks" |-> ListItem ( { 40 ==> 46 | 20009 | 0 } )
    ListItem ( { 39 ==> 39 | 0 | 0 } )
    ListItem ( { 18 ==> 38 | 42 | 0 } )
    ListItem ( { 11 ==> 17 | 12 | 0 } )
    ListItem ( { 0 ==> 10 | 24 | 2 } )
  </analysis>
  <ethereum>
    <evm>
      <output>
        .WordStack
      </output>
      <statusCode>
        EVMC_SUCCESS
      </statusCode>
      <callStack>
        .List
      </callStack>
      <interimStates>
        .List
      </interimStates>
      <touchedAccounts>
        .Set
      </touchedAccounts>
      <callState>
        <program>
          0 |-> PUSH ( 1 , 0 )
          2 |-> PUSH ( 1 , 0 )
          4 |-> MSTORE
          5 |-> PUSH ( 1 , 10 )
          7 |-> PUSH ( 1 , 32 )
          9 |-> MSTORE
          10 |-> JUMPDEST
          11 |-> PUSH ( 1 , 32 )
          13 |-> MLOAD
          14 |-> ISZERO
          15 |-> PUSH ( 1 , 39 )
          17 |-> JUMPI
          18 |-> PUSH ( 1 , 32 )
          20 |-> MLOAD
          21 |-> DUP ( 1 )
          22 |-> PUSH ( 1 , 0 )
          24 |-> MLOAD
          25 |-> ADD
          26 |-> PUSH ( 1 , 0 )
          28 |-> MSTORE
          29 |-> PUSH ( 1 , 1 )
          31 |-> SWAP ( 1 )
          32 |-> SUB
          33 |-> PUSH ( 1 , 32 )
          35 |-> MSTORE
          36 |-> PUSH ( 1 , 10 )
          38 |-> JUMP
          39 |-> JUMPDEST
          40 |-> PUSH ( 1 , 0 )
          42 |-> MLOAD
          43 |-> PUSH ( 1 , 0 )
          45 |-> SSTORE
        </program>
        <programBytes>
          96 : 0 : 96 : 0 : 82 : 96 : 10 : 96 : 32 : 82 : 91 : 96 : 32 : 81 : 21 : 96 : 39 : 87 : 96 : 32 : 81 : 128 : 96 : 0 : 81 : 1 : 96 : 0 : 82 : 96 : 1 : 144 : 3 : 96 : 32 : 82 : 96 : 10 : 86 : 91 : 96 : 0 : 81 : 96 : 0 : 85 : .WordStack
        </programBytes>
        <id>
          7
        </id>
        <caller>
          0
        </caller>
        <callData>
          .WordStack
        </callData>
        <callValue>
          0
        </callValue>
        <wordStack>
          10 : 39 : 0 : .WordStack
        </wordStack>
        <localMem>
          0 |-> 0
          1 |-> 0
          2 |-> 0
          3 |-> 0
          4 |-> 0
          5 |-> 0
          6 |-> 0
          7 |-> 0
          8 |-> 0
          9 |-> 0
          10 |-> 0
          11 |-> 0
          12 |-> 0
          13 |-> 0
          14 |-> 0
          15 |-> 0
          16 |-> 0
          17 |-> 0
          18 |-> 0
          19 |-> 0
          20 |-> 0
          21 |-> 0
          22 |-> 0
          23 |-> 0
          24 |-> 0
          25 |-> 0
          26 |-> 0
          27 |-> 0
          28 |-> 0
          29 |-> 0
          30 |-> 0
          31 |-> 10
          32 |-> 0
          33 |-> 0
          34 |-> 0
          35 |-> 0
          36 |-> 0
          37 |-> 0
          38 |-> 0
          39 |-> 0
          40 |-> 0
          41 |-> 0
          42 |-> 0
          43 |-> 0
          44 |-> 0
          45 |-> 0
          46 |-> 0
          47 |-> 0
          48 |-> 0
          49 |-> 0
          50 |-> 0
          51 |-> 0
          52 |-> 0
          53 |-> 0
          54 |-> 0
          55 |-> 0
          56 |-> 0
          57 |-> 0
          58 |-> 0
          59 |-> 0
          60 |-> 0
          61 |-> 0
          62 |-> 0
          63 |-> 9
        </localMem>
        <pc>
          46
        </pc>
        <gas>
          999979991
        </gas>
        <memoryUsed>
          2
        </memoryUsed>
        <previousGas>
          0
        </previousGas>
        <static>
          false
        </static>
        <callDepth>
          0
        </callDepth>
      </callState>
      <substate>
        <selfDestruct>
          .Set
        </selfDestruct>
        <log>
          .List
        </log>
        <refund>
          0
        </refund>
      </substate>
      <gasPrice>
        0
      </gasPrice>
      <origin>
        0
      </origin>
      <previousHash>
        0
      </previousHash>
      <ommersHash>
        0
      </ommersHash>
      <coinbase>
        0
      </coinbase>
      <stateRoot>
        0
      </stateRoot>
      <transactionsRoot>
        0
      </transactionsRoot>
      <receiptsRoot>
        0
      </receiptsRoot>
      <logsBloom>
        .WordStack
      </logsBloom>
      <difficulty>
        0
      </difficulty>
      <number>
        0
      </number>
      <gasLimit>
        0
      </gasLimit>
      <gasUsed>
        0
      </gasUsed>
      <timestamp>
        0
      </timestamp>
      <extraData>
        .WordStack
      </extraData>
      <mixHash>
        0
      </mixHash>
      <blockNonce>
        0
      </blockNonce>
      <ommerBlockHeaders>
        [ .JSONList ]
      </ommerBlockHeaders>
      <blockhash>
        .List
      </blockhash>
    </evm>
    <network>
      <activeAccounts>
        SetItem ( 7 )
      </activeAccounts>
      <accounts>
        AccountCellMapItem ( <acctID>
          7
        </acctID> , <account>
          <acctID>
            7
          </acctID>
          <balance>
            1000000000
          </balance>
          <code>
            .WordStack
          </code>
          <storage>
            0 |-> 10
          </storage>
          <origStorage>
            .Map
          </origStorage>
          <nonce>
            1
          </nonce>
        </account> )
      </accounts>
      <txOrder>
        .List
      </txOrder>
      <txPending>
        .List
      </txPending>
      <messages>
        .MessageCellMap
      </messages>
    </network>
  </ethereum>
</generatedTop>
